
> Task :avoid-this:tasks

------------------------------------------------------------
Tasks runnable from project ':avoid-this'
------------------------------------------------------------

Build tasks
-----------
assemble - Assembles the outputs of this project.
build - Assembles and tests this project.
buildDependents - Assembles and tests this project and all projects that depend on it.
buildNeeded - Assembles and tests this project and all projects it depends on.
classes - Assembles main classes.
clean - Deletes the build directory.
jar - Assembles a jar archive containing the classes of the 'main' feature.
testClasses - Assembles test classes.

Documentation tasks
-------------------
javadoc - Generates Javadoc API documentation for the 'main' feature.

Help tasks
----------
artifactTransforms - Displays the Artifact Transforms that can be executed in project ':avoid-this'.
buildEnvironment - Displays all buildscript dependencies declared in project ':avoid-this'.
dependencies - Displays all dependencies declared in project ':avoid-this'.
dependencyInsight - Displays the insight into a specific dependency in project ':avoid-this'.
help - Displays a help message.
javaToolchains - Displays the detected java toolchains.
outgoingVariants - Displays the outgoing variants of project ':avoid-this'.
projects - Displays the sub-projects of project ':avoid-this'.
properties - Displays the properties of project ':avoid-this'.
resolvableConfigurations - Displays the configurations that can be resolved in project ':avoid-this'.
tasks - Displays the tasks runnable from project ':avoid-this'.

Verification tasks
------------------
check - Runs all checks.
test - Runs the test suite.

Rules
-----
Pattern: clean<TaskName>: Cleans the output files of a task.
Pattern: build<ConfigurationName>: Assembles the artifacts of a configuration.

To see all tasks and more detail, run gradle tasks --all

To see more detail about a task, run gradle help --task <task>
